{
    "Test MPX Generate reports - SCSP v1 | Immunology-I": {
        "content": [
            [
                "versions.yml:md5,f7a5fde1e258d64b63d135c95829d03a"
            ]
        ],
        "meta": {
            "nf-test": "0.9.2",
            "nextflow": "24.10.3"
        },
        "timestamp": "2025-01-14T16:40:31.458444005"
    },
    "Test MPX Generate reports - stub": {
        "content": [
            {
                "0": [
                    [
                        {
                            "id": "sample01_1k_pbmcs_scsp_v1_immunology1",
                            "design": "D21",
                            "panel": "human-sc-immunology-spatial-proteomics-1",
                            "technology": "mpx"
                        },
                        "sample01_1k_pbmcs_scsp_v1_immunology1.html:md5,d41d8cd98f00b204e9800998ecf8427e"
                    ]
                ],
                "1": [
                    "versions.yml:md5,f7a5fde1e258d64b63d135c95829d03a"
                ],
                "pixelator_reports": [
                    [
                        {
                            "id": "sample01_1k_pbmcs_scsp_v1_immunology1",
                            "design": "D21",
                            "panel": "human-sc-immunology-spatial-proteomics-1",
                            "technology": "mpx"
                        },
                        "sample01_1k_pbmcs_scsp_v1_immunology1.html:md5,d41d8cd98f00b204e9800998ecf8427e"
                    ]
                ],
                "versions": [
                    "versions.yml:md5,f7a5fde1e258d64b63d135c95829d03a"
                ]
            }
        ],
        "meta": {
            "nf-test": "0.9.2",
            "nextflow": "24.10.3"
        },
        "timestamp": "2025-01-14T16:44:16.524680775"
    }
}