{
    "versions": {
        "content": [
            [
                "versions.yml:md5,ab8f3b2f68fe575a39002aec2b125e31"
            ]
        ],
        "meta": {
            "nf-test": "0.9.2",
            "nextflow": "24.10.4"
        },
        "timestamp": "2025-03-03T17:31:20.320282597"
    }
}