{
    "versions": {
        "content": [
            [
                "versions.yml:md5,75e9df3e1d5df7d1b9b4c6d91dcf24eb"
            ]
        ],
        "meta": {
            "nf-test": "0.9.2",
            "nextflow": "25.04.2"
        },
        "timestamp": "2025-06-26T14:37:21.804526572"
    },
    "report_json": {
        "content": [
            [
                "{",
                "    \"sample_id\": \"PNA055_Sample07_filtered_S7\",",
                "    \"product_id\": \"single-cell-pna\",",
                "    \"report_type\": \"denoise\",",
                "    \"number_of_umis_removed\": null,",
                "    \"ratio_of_umis_removed\": null,"
            ]
        ],
        "meta": {
            "nf-test": "0.9.2",
            "nextflow": "25.04.2"
        },
        "timestamp": "2025-06-26T14:37:21.792507226"
    },
    "metadata_json": {
        "content": [
            [
                [
                    {
                        "id": "PNA055_Sample07_filtered_S7",
                        "design": "pna-2",
                        "panel": "proxiome-immuno-155",
                        "technology": "pna"
                    },
                    "PNA055_Sample07_filtered_S7.meta.json:md5,b99f0d153f6bef0df01904a4f473a150"
                ]
            ]
        ],
        "meta": {
            "nf-test": "0.9.2",
            "nextflow": "25.04.2"
        },
        "timestamp": "2025-06-26T14:37:21.763749492"
    }
}