{
    "versions": {
        "content": [
            [
                "versions.yml:md5,014a0d8870a21fc70b6025ee7813a4cd"
            ]
        ],
        "meta": {
            "nf-test": "0.9.2",
            "nextflow": "24.10.6"
        },
        "timestamp": "2025-05-06T15:25:29.63045379"
    },
    "report_json": {
        "content": [
            [
                [
                    {
                        "id": "PNA055_Sample07_filtered_S7",
                        "design": "pna-2",
                        "panel": "proxiome-immuno-155",
                        "technology": "pna"
                    },
                    "PNA055_Sample07_filtered_S7.report.json:md5,44c0c42d4dbb382f7d1541719182ca08"
                ]
            ]
        ],
        "meta": {
            "nf-test": "0.9.2",
            "nextflow": "24.10.5"
        },
        "timestamp": "2025-04-16T15:56:26.49718139"
    },
    "metadata_json": {
        "content": [
            [
                [
                    {
                        "id": "PNA055_Sample07_filtered_S7",
                        "design": "pna-2",
                        "panel": "proxiome-immuno-155",
                        "technology": "pna"
                    },
                    "PNA055_Sample07_filtered_S7.meta.json:md5,b15fffdd71ae59f5e36f7237e76b1b98"
                ]
            ]
        ],
        "meta": {
            "nf-test": "0.9.2",
            "nextflow": "24.10.5"
        },
        "timestamp": "2025-04-16T15:56:26.489197437"
    }
}