{
    "multi_metadata": {
        "content": [
            [
                [
                    {
                        "id": "PNA055_Sample07_filtered_S7",
                        "design": "pna-2",
                        "panel": "proxiome-immuno-155",
                        "technology": "pna"
                    },
                    [
                        "PNA055_Sample07_filtered_S7.collapse.m1.part_000.meta.json:md5,ef6d3db8cfb46d551bc6fb160f93d44a",
                        "PNA055_Sample07_filtered_S7.collapse.m1.part_001.meta.json:md5,ef6d3db8cfb46d551bc6fb160f93d44a"
                    ]
                ]
            ]
        ],
        "meta": {
            "nf-test": "0.9.2",
            "nextflow": "24.10.5"
        },
        "timestamp": "2025-03-20T11:11:51.603558511"
    },
    "metadata": {
        "content": [
            [
                [
                    {
                        "id": "PNA055_Sample07_filtered_S7",
                        "design": "pna-2",
                        "panel": "proxiome-immuno-155",
                        "technology": "pna"
                    },
                    "PNA055_Sample07_filtered_S7.collapse.m1.part_000.meta.json:md5,ef6d3db8cfb46d551bc6fb160f93d44a"
                ]
            ]
        ],
        "meta": {
            "nf-test": "0.9.2",
            "nextflow": "24.10.5"
        },
        "timestamp": "2025-03-20T09:39:49.273740685"
    },
    "multi_header": {
        "content": [
            [
                "{",
                "    \"sample_id\": \"PNA055_Sample07_filtered_S7\",",
                "    \"product_id\": \"single-cell-pna\","
            ]
        ],
        "meta": {
            "nf-test": "0.9.2",
            "nextflow": "24.10.5"
        },
        "timestamp": "2025-03-19T15:58:03.194867001"
    },
    "versions": {
        "content": [
            [
                "versions.yml:md5,7db9f4667eb11d2c3444d6097450ea5f"
            ]
        ],
        "meta": {
            "nf-test": "0.9.2",
            "nextflow": "24.10.4"
        },
        "timestamp": "2025-03-03T16:44:31.604789088"
    },
    "multi_versions": {
        "content": [
            [
                "versions.yml:md5,7db9f4667eb11d2c3444d6097450ea5f"
            ]
        ],
        "meta": {
            "nf-test": "0.9.2",
            "nextflow": "24.10.4"
        },
        "timestamp": "2025-03-03T16:44:52.925577362"
    },
    "header": {
        "content": [
            [
                "{",
                "    \"sample_id\": \"PNA055_Sample07_filtered_S7\",",
                "    \"product_id\": \"single-cell-pna\","
            ]
        ],
        "meta": {
            "nf-test": "0.9.2",
            "nextflow": "24.10.5"
        },
        "timestamp": "2025-03-20T09:39:49.312268752"
    }
}